[2026-08-25T12:41:55.709+0000] {taskinstance.py:1956} INFO - Dependencies all met for dep_context=non-requeueable deps ti=<TaskInstance: news_medallion_pipeline.process_silver_layer manual__2026-08-25T12:41:43.151692+00:00 [queued]>
[2026-08-25T12:41:55.716+0000] {taskinstance.py:1956} INFO - Dependencies all met for dep_context=requeueable deps ti=<TaskInstance: news_medallion_pipeline.process_silver_layer manual__2026-08-25T12:41:43.151692+00:00 [queued]>
[2026-08-25T12:41:55.716+0000] {taskinstance.py:2170} INFO - Starting attempt 1 of 2
[2026-08-25T12:41:55.724+0000] {taskinstance.py:2191} INFO - Executing <Task(PythonOperator): process_silver_layer> on 2026-08-25 12:41:43.151692+00:00
[2026-08-25T12:41:55.731+0000] {standard_task_runner.py:60} INFO - Started process 221 to run task
[2026-08-25T12:41:55.734+0000] {standard_task_runner.py:87} INFO - Running: ['***', 'tasks', 'run', 'news_medallion_pipeline', 'process_silver_layer', 'manual__2026-08-25T12:41:43.151692+00:00', '--job-id', '8', '--raw', '--subdir', 'DAGS_FOLDER/news_pipeline_dag.py', '--cfg-path', '/tmp/tmplvx3ibvx']
[2026-08-25T12:41:55.736+0000] {standard_task_runner.py:88} INFO - Job 8: Subtask process_silver_layer
[2026-08-25T12:41:55.789+0000] {task_command.py:423} INFO - Running <TaskInstance: news_medallion_pipeline.process_silver_layer manual__2026-08-25T12:41:43.151692+00:00 [running]> on host e4c9842ef28e
[2026-08-25T12:41:55.849+0000] {taskinstance.py:2480} INFO - Exporting env vars: AIRFLOW_CTX_DAG_OWNER='ahmer' AIRFLOW_CTX_DAG_ID='news_medallion_pipeline' AIRFLOW_CTX_TASK_ID='process_silver_layer' AIRFLOW_CTX_EXECUTION_DATE='2026-08-25T12:41:43.151692+00:00' AIRFLOW_CTX_TRY_NUMBER='1' AIRFLOW_CTX_DAG_RUN_ID='manual__2026-08-25T12:41:43.151692+00:00'
[2026-08-25T12:41:55.861+0000] {logging_mixin.py:188} INFO - Starting Silver Layer Processing...
[2026-08-25T12:41:55.872+0000] {logging_mixin.py:188} INFO - Original data count: 88
[2026-08-25T12:41:55.906+0000] {logging_mixin.py:188} INFO - Cleaned data count: 88
[2026-08-25T12:41:56.566+0000] {logging_mixin.py:188} INFO - ✅ Success: Cleaned Data uploaded to s3://ahmer-news-ai-etl-project/silver/silver_news_20260825_124155.json
[2026-08-25T12:41:56.568+0000] {connection.py:370} INFO - Snowflake Connector for Python Version: 3.6.0, Python Version: 3.11.8, Platform: Linux-6.8.0-1052-azure-x86_64-with-glibc2.36
[2026-08-25T12:41:56.568+0000] {connection.py:1171} INFO - This connection is in OCSP Fail Open Mode. TLS Certificates would be checked for validity and revocation status. Any other Certificate Revocation related exceptions or OCSP Responder failures would be disregarded in favor of connectivity.
[2026-08-25T12:41:56.997+0000] {cursor.py:1028} INFO - query: [CREATE TABLE IF NOT EXISTS SILVER_NEWS_CLEANED ( source VARCHAR, title VARCHAR, ...]
[2026-08-25T12:41:57.266+0000] {cursor.py:1041} INFO - query execution done
[2026-08-25T12:41:57.267+0000] {cursor.py:1205} INFO - Number of results in first chunk: 1
[2026-08-25T12:41:57.269+0000] {cursor.py:1028} INFO - query: [INSERT INTO SILVER_NEWS_CLEANED (source, title, link, published_at, summary, ing...]
[2026-08-25T12:41:57.770+0000] {cursor.py:1041} INFO - query execution done
[2026-08-25T12:41:57.771+0000] {cursor.py:1028} INFO - query: [COMMIT]
[2026-08-25T12:41:57.879+0000] {cursor.py:1041} INFO - query execution done
[2026-08-25T12:41:57.879+0000] {cursor.py:1205} INFO - Number of results in first chunk: 1
[2026-08-25T12:41:57.879+0000] {logging_mixin.py:188} INFO - ✅ Success: 88 records loaded into Snowflake SILVER_NEWS_CLEANED table.
[2026-08-25T12:41:57.879+0000] {connection.py:718} INFO - closed
[2026-08-25T12:41:57.956+0000] {connection.py:724} INFO - No async queries seem to be running, deleting session
[2026-08-25T12:41:58.033+0000] {logging_mixin.py:188} INFO - ✅ Silver Layer Processing Complete!
[2026-08-25T12:41:58.035+0000] {python.py:201} INFO - Done. Returned value was: None
[2026-08-25T12:41:58.054+0000] {taskinstance.py:1138} INFO - Marking task as SUCCESS. dag_id=news_medallion_pipeline, task_id=process_silver_layer, execution_date=20260825T124143, start_date=20260825T124155, end_date=20260825T124158
[2026-08-25T12:41:58.116+0000] {local_task_job_runner.py:234} INFO - Task exited with return code 0
[2026-08-25T12:41:58.133+0000] {taskinstance.py:3280} INFO - 0 downstream tasks scheduled from follow-on schedule check
