[2026-08-25T12:31:30.252+0000] {taskinstance.py:1956} INFO - Dependencies all met for dep_context=non-requeueable deps ti=<TaskInstance: news_bronze_pipeline.ingest_to_bronze_layer manual__2026-08-25T12:31:26.068385+00:00 [queued]>
[2026-08-25T12:31:30.257+0000] {taskinstance.py:1956} INFO - Dependencies all met for dep_context=requeueable deps ti=<TaskInstance: news_bronze_pipeline.ingest_to_bronze_layer manual__2026-08-25T12:31:26.068385+00:00 [queued]>
[2026-08-25T12:31:30.258+0000] {taskinstance.py:2170} INFO - Starting attempt 1 of 2
[2026-08-25T12:31:30.272+0000] {taskinstance.py:2191} INFO - Executing <Task(PythonOperator): ingest_to_bronze_layer> on 2026-08-25 12:31:26.068385+00:00
[2026-08-25T12:31:30.281+0000] {standard_task_runner.py:60} INFO - Started process 143 to run task
[2026-08-25T12:31:30.288+0000] {standard_task_runner.py:87} INFO - Running: ['***', 'tasks', 'run', 'news_bronze_pipeline', 'ingest_to_bronze_layer', 'manual__2026-08-25T12:31:26.068385+00:00', '--job-id', '5', '--raw', '--subdir', 'DAGS_FOLDER/news_pipeline_dag.py', '--cfg-path', '/tmp/tmpz0vzsg4w']
[2026-08-25T12:31:30.291+0000] {standard_task_runner.py:88} INFO - Job 5: Subtask ingest_to_bronze_layer
[2026-08-25T12:31:30.343+0000] {task_command.py:423} INFO - Running <TaskInstance: news_bronze_pipeline.ingest_to_bronze_layer manual__2026-08-25T12:31:26.068385+00:00 [running]> on host e4c9842ef28e
[2026-08-25T12:31:30.427+0000] {taskinstance.py:2480} INFO - Exporting env vars: AIRFLOW_CTX_DAG_OWNER='ahmer' AIRFLOW_CTX_DAG_ID='news_bronze_pipeline' AIRFLOW_CTX_TASK_ID='ingest_to_bronze_layer' AIRFLOW_CTX_EXECUTION_DATE='2026-08-25T12:31:26.068385+00:00' AIRFLOW_CTX_TRY_NUMBER='1' AIRFLOW_CTX_DAG_RUN_ID='manual__2026-08-25T12:31:26.068385+00:00'
[2026-08-25T12:31:30.428+0000] {logging_mixin.py:188} INFO - Starting Airflow Ingestion Pipeline...
[2026-08-25T12:31:30.428+0000] {logging_mixin.py:188} INFO - Fetching news from yahoo...
[2026-08-25T12:31:30.686+0000] {logging_mixin.py:188} INFO - Fetching news from cnbc...
[2026-08-25T12:31:31.128+0000] {logging_mixin.py:188} INFO - Fetching news from marketwatch...
[2026-08-25T12:31:31.499+0000] {logging_mixin.py:188} INFO - 
✅ Total 88 articles scraped successfully!
[2026-08-25T12:31:31.499+0000] {logging_mixin.py:188} INFO - Uploading 88 articles to S3...
[2026-08-25T12:31:32.333+0000] {logging_mixin.py:188} INFO - ✅ Success: Data uploaded to s3://ahmer-news-ai-etl-project/raw/raw_news_20260825_123131.json
[2026-08-25T12:31:32.334+0000] {logging_mixin.py:188} INFO - Loading 88 articles into Snowflake...
[2026-08-25T12:31:32.334+0000] {connection.py:370} INFO - Snowflake Connector for Python Version: 3.6.0, Python Version: 3.11.8, Platform: Linux-6.8.0-1052-azure-x86_64-with-glibc2.36
[2026-08-25T12:31:32.335+0000] {connection.py:1171} INFO - This connection is in OCSP Fail Open Mode. TLS Certificates would be checked for validity and revocation status. Any other Certificate Revocation related exceptions or OCSP Responder failures would be disregarded in favor of connectivity.
[2026-08-25T12:31:33.364+0000] {cursor.py:1028} INFO - query: [CREATE TABLE IF NOT EXISTS BRONZE_NEWS_RAW ( source VARCHAR, title VARCHAR, link...]
[2026-08-25T12:31:33.580+0000] {cursor.py:1041} INFO - query execution done
[2026-08-25T12:31:33.580+0000] {cursor.py:1205} INFO - Number of results in first chunk: 1
[2026-08-25T12:31:33.583+0000] {cursor.py:1028} INFO - query: [INSERT INTO BRONZE_NEWS_RAW (source, title, link, published_at, summary, ingesti...]
[2026-08-25T12:31:34.348+0000] {cursor.py:1041} INFO - query execution done
[2026-08-25T12:31:34.348+0000] {cursor.py:1028} INFO - query: [COMMIT]
[2026-08-25T12:31:34.445+0000] {cursor.py:1041} INFO - query execution done
[2026-08-25T12:31:34.446+0000] {cursor.py:1205} INFO - Number of results in first chunk: 1
[2026-08-25T12:31:34.446+0000] {logging_mixin.py:188} INFO - ✅ Success: 88 records loaded into Snowflake BRONZE_NEWS_RAW table.
[2026-08-25T12:31:34.446+0000] {connection.py:718} INFO - closed
[2026-08-25T12:31:34.512+0000] {connection.py:724} INFO - No async queries seem to be running, deleting session
[2026-08-25T12:31:34.590+0000] {python.py:201} INFO - Done. Returned value was: None
[2026-08-25T12:31:34.599+0000] {taskinstance.py:1138} INFO - Marking task as SUCCESS. dag_id=news_bronze_pipeline, task_id=ingest_to_bronze_layer, execution_date=20260825T123126, start_date=20260825T123130, end_date=20260825T123134
[2026-08-25T12:31:34.657+0000] {local_task_job_runner.py:234} INFO - Task exited with return code 0
[2026-08-25T12:31:34.675+0000] {taskinstance.py:3280} INFO - 0 downstream tasks scheduled from follow-on schedule check
